// Jest Snapshot v1, https://goo.gl/fbAQLP

exports[`Header.js renders correctly 1`] = `
<header>
  <img
    src="https://imgix.bustle.com/rehost/2016/9/13/52e2a893-1b56-4101-814c-0c0238062b4a.png"
  />
  <h1>
    AHHHHHH! REAL MONSTERS
  </h1>
</header>
`;
